[kayara-lua.my.canva.site/index.html]
[backblue.gif]
[fade.gif]
[index.html]
[kayara-lua.my.canva.site/_assets/27f844cca8df4a6a.ltr.css]
[kayara-lua.my.canva.site/_assets/static_font_4.ltr.css]
[kayara-lua.my.canva.site/_assets/368628f07087a2c4.runtime.js]
[kayara-lua.my.canva.site/_assets/fb765918bdc2d19b.s4le6a.vendor.js]
[kayara-lua.my.canva.site/_assets/0fb5f701f46ae649.vendor.js]
[kayara-lua.my.canva.site/_assets/5c07b8fc994a5c70.strings.js]
[kayara-lua.my.canva.site/_assets/84fe926d52a69d68.pt-BR.js]
[kayara-lua.my.canva.site/_assets/150fbd701afd8596.js]
[kayara-lua.my.canva.site/_assets/images/2d0b56e7e51cf11036ad8734bdb67e2d.png]
[kayara-lua.my.canva.site/_assets/images/e53c4bd8da5e491d9ab09e7cf0daf874.png]
[kayara-lua.my.canva.site/_assets/images/725b756a69a7d4c235070e51acd85560.png]
[kayara-lua.my.canva.site/_assets]
[kayara-lua.my.canva.site/_assets/media/7bc63df3c5415cff847df94dff849a6e.jpg]
[kayara-lua.my.canva.site/_assets/media/d4c66be83c6838924056685d62bdb365.jpg]
[kayara-lua.my.canva.site/_assets/media/3a4a23146d991d06fecd2794d26edfd7.jpg]
[kayara-lua.my.canva.site/_assets/media/c623fb28470cc78a3018472c8334832f.svg]
[kayara-lua.my.canva.site/_assets/media/f5098b8a07163552cc32d88a8480d55d.png]
[kayara-lua.my.canva.site/_assets/media/504017162ed6d744a68d1de0d961a9f4.svg]
[kayara-lua.my.canva.site/_assets/media/049cff1e036ea455cf9278dc5ca8d810.jpg]
[kayara-lua.my.canva.site/_assets/media/3fae59baa67f9af96bd3dc20380d97ee.jpg]
[kayara-lua.my.canva.site/_assets/media/0e23511de0e384e304e8eb1b8ad81e29.jpg]
[kayara-lua.my.canva.site/_assets/media/78ba58f9240c1812827b6b7e83cb3cc7.png]
[kayara-lua.my.canva.site/_assets/media/97e987ad5259943b6f34a22aea7ee8f6.png]
[kayara-lua.my.canva.site/_assets/media/f8ab60e9ad8ab856ee77ae18443882de.png]
[kayara-lua.my.canva.site/_assets/media/795f8001538777881a94edb0c9b5e295.jpg]
[kayara-lua.my.canva.site/_assets/media/c1f0650b38515b80e17d8972517564fc.jpg]
[kayara-lua.my.canva.site/_assets/media/de788328579f546bd107dece56f9c212.jpg]
[kayara-lua.my.canva.site/_assets/media/c8f2fff848a8071341a38f926ab5ffe2.png]
[kayara-lua.my.canva.site/_assets/media/8ab3c029033c795cf8cf4c5c2ff53980.svg]
[kayara-lua.my.canva.site/_assets/media/617bb55f52ab8fbcb35497fffa9f13a9.png]
[kayara-lua.my.canva.site/_assets/media/da4698c7e666d9ec257f193ba52dc806.svg]
[kayara-lua.my.canva.site/_assets/media/3a27a33fbfc7b36e120b08f0e0e4e8ee.svg]
[kayara-lua.my.canva.site/_assets/media/1eb98deb90723075fb65ea3bcb19c679.png]
[kayara-lua.my.canva.site/_assets/media/1b501062d22751a71d1e47d7babd78a9.jpg]
[kayara-lua.my.canva.site/_assets/media/b71de3445108e01ca67200883d5b7cc0.jpg]
[kayara-lua.my.canva.site/_assets/media/28b96c6a5ee01735764c8b8a4a08b10d.jpg]
[kayara-lua.my.canva.site/_assets/media/cf45536952874b34fc898932a41a492c.png]
[kayara-lua.my.canva.site/_assets/media/2877017e138fa0446d5279b650724faa.svg]
[kayara-lua.my.canva.site/_assets/media/f32759f8a900237759cc438e639fcb16.png]
[kayara-lua.my.canva.site/_assets/media/3c3b091b6d07a9edcf4e60e6eed3607a.png]
[kayara-lua.my.canva.site/_assets/media/0e446814d7e61c6e53498bffee3f44dd.png]
[kayara-lua.my.canva.site/_assets/media/41a5eb8f51585d0e8e83a2373314e079.jpg]
[kayara-lua.my.canva.site/_assets/media/3b82113f9ba886b26fd7d8f5f1dcf8da.jpg]
[kayara-lua.my.canva.site/_assets/media/44eeb6bc7ff0584ac31ce1825b05f3c9.jpg]
[kayara-lua.my.canva.site/_assets/media/c4f72410124302f8a28af5bbc3aebcb1.png]
[kayara-lua.my.canva.site/_assets/media/5f85567d9712df0d7facb99364f464f3.svg]
[kayara-lua.my.canva.site/_assets/media/a068419fa1ed15935048651467fe7daa.png]
[kayara-lua.my.canva.site/_assets/media/27301166f0c739518e9e55578afd6d8a.jpg]
[kayara-lua.my.canva.site/_assets/media/e288b7aecf3f85ff60d01f89d3912ea2.jpg]
[kayara-lua.my.canva.site/_assets/media/938a2be4314a2c818877facfc1d9132c.jpg]
[kayara-lua.my.canva.site/_assets/media/c40eaf639c01c1563dd1303e1d62b217.jpg]
[kayara-lua.my.canva.site/_assets/media/91156c872e4f238802a661a5f284f44a.jpg]
[kayara-lua.my.canva.site/_assets/media/ae123b17d16ccdf6f14cb70020b716ac.jpg]
[kayara-lua.my.canva.site/_assets/media/e3a3c5eb5c029c97a6817cd91cb51683.png]
[kayara-lua.my.canva.site/_assets/media/bd83c2ff6d5df22ec8bf90b71ccf30ee.jpg]
[kayara-lua.my.canva.site/_assets/media/7508162aa09de9b150c237bcd776af41.jpg]
[kayara-lua.my.canva.site/_assets/media/60a4f1666ca20c9e7598b14c0bb51a43.jpg]
[kayara-lua.my.canva.site/_assets/media/8f49b7b71ec819d19f9c705471ee86ae.svg]
[kayara-lua.my.canva.site/_assets/media/7372c744fbede6917d704015adafdf7a.png]
[kayara-lua.my.canva.site/_assets/media/7a7916490233dca48abbc5b42d7ba002.svg]
[kayara-lua.my.canva.site/_assets/media/862a131cda0ebe4ccc1319f4e20ef72c.png]
[kayara-lua.my.canva.site/_assets/media/e7a44e15a2cf2958837e459e72528ba0.png]
[kayara-lua.my.canva.site/_assets/media/60e4d9e320435129bc1a303589c95a7d.svg]
[kayara-lua.my.canva.site/_assets/media/573e745358c6976bfff7bdea52c40729.png]
[kayara-lua.my.canva.site/_assets/media/f2c864bf859ef9ed426536b05c7a252c.jpg]
[kayara-lua.my.canva.site/_assets/media/ce2823064609a9219e07650674314369.jpg]
[kayara-lua.my.canva.site/_assets/media/9dbe7c605dc43ca4118a6f5779f2403d.svg]
[kayara-lua.my.canva.site/_assets/media/b2752745602288b6b4e29e438e41c929.png]
[kayara-lua.my.canva.site/_assets/media/1eb531af7f9ea1b180bb6871fb7e0544.jpg]
[kayara-lua.my.canva.site/_assets/media/7f5920b69200d32922d14d8ce46cd9dd.jpg]
[kayara-lua.my.canva.site/_assets/media/0c8d00cb41429b45cd5ace159e911c9b.jpg]
[kayara-lua.my.canva.site/_assets/media/95ae9d6b86a4a829eac73d5f391ed8ad.png]
[kayara-lua.my.canva.site/_assets/media/bfaae95e1a2b535139fdcb8de6a467d4.png]
[kayara-lua.my.canva.site/_assets/media/d6d62e5d512189a10c3cad1e03dfd838.png]
[kayara-lua.my.canva.site/_assets/media/f6c39d992b33217b3734b1336062c162.png]
[kayara-lua.my.canva.site/_assets/media/d4d3708b19c8a1dd61be5d22e33f8e90.png]
[kayara-lua.my.canva.site/_assets/media/849b7551ddeb85a68c8cc94d114a8276.svg]
[kayara-lua.my.canva.site/_assets/media/4c42d608c6c8b85961eb0ed282fb3d3d.png]
[kayara-lua.my.canva.site/_assets/media/cf327d5dda4efcfcaae9d1bacf74adbe.svg]
[kayara-lua.my.canva.site/_assets/media/642ef6a1f9d09d863d5f61da2a04d631.png]
[kayara-lua.my.canva.site/_assets/media/2402e662cd8db0b6b9fb0c6e941b6f76.svg]
[kayara-lua.my.canva.site/_assets/media/4cfa63829b1bb8de183b7da200f52888.png]
[kayara-lua.my.canva.site/_assets/media/6ef5d8c3c6bb668e2d8ff7292c16355c.svg]
[kayara-lua.my.canva.site/_assets/media/3d678d8a00f8ede1e174414b7e33c3ea.png]
[kayara-lua.my.canva.site/_assets/media/5ac7dfdbc0eb0b4b971d5d47b4f74801.png]
[kayara-lua.my.canva.site/_assets/media/9c97647fd506a3879b6420597e98f6a5.png]
[kayara-lua.my.canva.site/_assets/media/fa934c98c0f25ad521b4f97bbd1978eb.svg]
[kayara-lua.my.canva.site/_assets/media/9df162ab5a527a6e4d70839826371f35.png]
[kayara-lua.my.canva.site/_assets/media/5cf389e86650420eb70dfe6eca0703fe.svg]
[kayara-lua.my.canva.site/_assets/media/5ca7d1e3bed8c2302dcc9b64287fecd3.png]
[kayara-lua.my.canva.site/_assets/media/5f940d02ea365221c0ef64fad0c871cd.jpg]
[kayara-lua.my.canva.site/_assets/media/bdd9ef71c6849a0617c067ef0d04dfed.jpg]
[kayara-lua.my.canva.site/_assets/media/85c33784cc79512a61d29bf2075b3f5b.jpg]
[kayara-lua.my.canva.site/_assets/media/a69f0e2447dde5bf6adadf18e207420d.png]
[kayara-lua.my.canva.site/_assets/media/08cbba6e0f82282e2286b2e896dff942.png]
[kayara-lua.my.canva.site/_assets/media/17a034c34fef476df7ba690b1c81e70b.png]
[kayara-lua.my.canva.site/index.html]
[kayara-lua.my.canva.site/_assets/images/b46630e470f4040eba7033cf2435edce.woff]
[kayara-lua.my.canva.site/_assets/images/a9b8e7902ec1ab885d382156f33738e5.woff2]
[kayara-lua.my.canva.site/_assets/images/013277426f0d555d96c7a75503df5754.woff]
[kayara-lua.my.canva.site/_assets/images/d97a6ffa507b670a5b1664f98fc1183d.woff2]
[kayara-lua.my.canva.site/_assets/images/1de7434d86166b0614ff3d61cda11a54.woff]
[kayara-lua.my.canva.site/_assets/images/cff149ee1e9d2be50ac77bcd86769d05.woff2]
[kayara-lua.my.canva.site/_assets/images/f93a5165fac252ecfd593929c4e6146f.woff]
[kayara-lua.my.canva.site/_assets/images/621675e6be83f675d33562d2ff7a0f63.woff2]
[kayara-lua.my.canva.site/_assets/images/762fe37b99d49707e783d6281412d12f.woff2]
[kayara-lua.my.canva.site/_assets/images/d83221ee6a6841b17a754f68b6c5a3de.woff2]
[kayara-lua.my.canva.site/_assets/images/e237b20d624e9275cdc02a523ab7f983.woff2]
[kayara-lua.my.canva.site/_assets/images/3b5447850810ff964de17bcd37e03d5a.woff2]
[kayara-lua.my.canva.site/_assets/images/a13025bc22c0d623507f155005c54563.woff2]
[kayara-lua.my.canva.site/_assets/images/ad480883f297c3606af00979ee4c4483.woff]
[kayara-lua.my.canva.site/_assets/images/477aad26d9a5a64609483931aa0a7a05.woff2]
[kayara-lua.my.canva.site/_assets/images/0e2be7bf67e32755fd73a605a2afd13b.woff]
[kayara-lua.my.canva.site/_assets/images/85b2d625d97d50571765987bbac33850.woff2]
[kayara-lua.my.canva.site/_assets/images/3f03afd80eaf13ee58a7d0945b7d0963.woff]
[kayara-lua.my.canva.site/_assets/images/02bba2de1b5f7fc3b564b21521e774d0.woff2]
[kayara-lua.my.canva.site/_assets/images/163124370f3e2ded710887a156ab3fa3.woff]
[kayara-lua.my.canva.site/_assets/images/0b41617d3a05bbbe23065ec719e26fd1.woff2]
[kayara-lua.my.canva.site/_assets/images/650cef2d886ef4ca5c18d3c107546daf.woff]
[kayara-lua.my.canva.site/_assets/images/d4b0974727cae80b9c6d087e56a9a4e4.woff2]
[kayara-lua.my.canva.site/_assets/images/771cbf29ddc3145dda326afee4b10fb8.woff]
[kayara-lua.my.canva.site/_assets/images/6c9b9f4b28322c7473667e0fc1690675.woff2]
[kayara-lua.my.canva.site/_assets/images/79359a454d1de78942f3c2c687fc67ea.woff]
[kayara-lua.my.canva.site/_assets/images/a8f52f1cd47135bfc86b1f313868708d.woff2]
[kayara-lua.my.canva.site/_assets/images/e3e13973dcf74ace522a4b8ef447a7de.woff]
[kayara-lua.my.canva.site/_assets/images/ca4237378da57e1e318978281e7fee60.woff2]
[kayara-lua.my.canva.site/_assets/images/d7669ff2d0106ad99a7a55c4d540478c.woff]
[kayara-lua.my.canva.site/_assets/images/d56fc13fe0dc1327dceed816b07dbec3.woff2]
[kayara-lua.my.canva.site/_assets/images/311ec631b3b3a7f88c724351af8bcef4.woff]
[kayara-lua.my.canva.site/_assets/images/c9972caeca3358fa2841a115105a8544.woff2]
[kayara-lua.my.canva.site/_assets/images/c3a91206711602c9b5f54e9514244e64.woff]
[kayara-lua.my.canva.site/_assets/images/dafb7fee1db6b7ae9b1184239b11acf5.woff2]
[kayara-lua.my.canva.site/_assets/images/d6cbb5c42a1149e38e1fb7a238032bc8.woff]
[kayara-lua.my.canva.site/_assets/images/964b01a520402dcf8405de90289c35f4.woff2]
[kayara-lua.my.canva.site/_assets/images/4badd42f0e1cdba66ffbd5cc91aa4365.woff]
[kayara-lua.my.canva.site/_assets/images/58cf708f2cc4d2b3bbf7e6add25f5c20.woff2]
[kayara-lua.my.canva.site/_assets/images/4f9f09e9c9bc053cc21f7cf7f5590904.woff]
[kayara-lua.my.canva.site/_assets/images/4bdcf0ce1296b448409c024e57fdcdb9.woff2]
[kayara-lua.my.canva.site/_assets/images/005dabb12cdb5c5deabd1782c3ff196d.woff]
[kayara-lua.my.canva.site/_assets/images/f4113bb9d3def37ca7f5c7cd2341ec33.woff2]
[kayara-lua.my.canva.site/_assets/images/614a39a4813512a63e905b12dc5f41ba.woff]
[kayara-lua.my.canva.site/_assets/images/5989cf357de7427311e30576891372df.woff2]
[kayara-lua.my.canva.site/_assets/images/b3571e313b47ed988fc8429322af7677.woff]
[kayara-lua.my.canva.site/_assets/images/5d050a324d95a6a18dae93e08c01bd6b.woff2]
[kayara-lua.my.canva.site/_assets/images/08f3a04653878f9b2369ec3c327d7c46.woff]
[kayara-lua.my.canva.site/_assets/images/e755c8eab4133359c241132063a279d0.woff2]
[kayara-lua.my.canva.site/_assets/images/89ba4e29dc7a63cd15959a5bb068bb0e.woff]
[kayara-lua.my.canva.site/_assets/images/0c4fa4c622644d97f38d201cba1d30f5.woff2]
[kayara-lua.my.canva.site/_assets/images/a47b96672d775073beaf93b7e7ffff54.woff2]
[kayara-lua.my.canva.site/_assets/images/7aed216c4e61d12ee639b0b758037c5d.woff2]
[kayara-lua.my.canva.site/_assets/images/eafec10d3f23f994fb6dc59545035460.woff2]
[kayara-lua.my.canva.site/_assets/images/6923b1967484e2b12e1016fb33061791.woff2]
[kayara-lua.my.canva.site/_assets/images/ff9d619b59f5cb3529b100448f398ac5.woff2]
[kayara-lua.my.canva.site/_assets/images/87e22a62965f141aa08e93699b0b3527.jpg]
[kayara-lua.my.canva.site/_assets/27f844cca8df4a6a.ltr.css]
[kayara-lua.my.canva.site/_assets/static_font_4.ltr.css]
[kayara-lua.my.canva.site/_assets.html]
[kayara-lua.my.canva.site/_assets/media/c623fb28470cc78a3018472c8334832f.svg]
[kayara-lua.my.canva.site/_assets/media/504017162ed6d744a68d1de0d961a9f4.svg]
[kayara-lua.my.canva.site/_assets/media/8ab3c029033c795cf8cf4c5c2ff53980.svg]
[kayara-lua.my.canva.site/_assets/media/da4698c7e666d9ec257f193ba52dc806.svg]
[kayara-lua.my.canva.site/_assets/media/3a27a33fbfc7b36e120b08f0e0e4e8ee.svg]
[kayara-lua.my.canva.site/_assets/media/2877017e138fa0446d5279b650724faa.svg]
[kayara-lua.my.canva.site/_assets/media/5f85567d9712df0d7facb99364f464f3.svg]
[kayara-lua.my.canva.site/_assets/media/8f49b7b71ec819d19f9c705471ee86ae.svg]
[kayara-lua.my.canva.site/_assets/media/7a7916490233dca48abbc5b42d7ba002.svg]
[kayara-lua.my.canva.site/_assets/media/60e4d9e320435129bc1a303589c95a7d.svg]
[kayara-lua.my.canva.site/_assets/media/9dbe7c605dc43ca4118a6f5779f2403d.svg]
[kayara-lua.my.canva.site/_assets/media/849b7551ddeb85a68c8cc94d114a8276.svg]
[kayara-lua.my.canva.site/_assets/media/cf327d5dda4efcfcaae9d1bacf74adbe.svg]
[kayara-lua.my.canva.site/_assets/media/2402e662cd8db0b6b9fb0c6e941b6f76.svg]
[kayara-lua.my.canva.site/_assets/media/6ef5d8c3c6bb668e2d8ff7292c16355c.svg]
[kayara-lua.my.canva.site/_assets/media/fa934c98c0f25ad521b4f97bbd1978eb.svg]
[kayara-lua.my.canva.site/_assets/media/5cf389e86650420eb70dfe6eca0703fe.svg]
